// Jest Snapshot v1, https://goo.gl/fbAQLP

exports[`ErrorMessage Component Should Render 1`] = `
<DocumentFragment>
  <div
    class="px-4 py-3 flex bg-gray-100"
  >
    <div
      class="flex-auto flex space-x-6"
    >
      <div
        class="flex items-center justify-center text-gray-400"
      >
        Something Wrong with Github Graphql Api. Please Try After sometime.
      </div>
    </div>
  </div>
</DocumentFragment>
`;
