// Jest Snapshot v1, https://goo.gl/fbAQLP

exports[`ListItems Component Should Render and mock data 1`] = `
<DocumentFragment>
  <div
    class="border-b-1 border-gray-400 hover:bg-gray-200 group block p-4 cursor-pointer"
  >
    <a
      class="divide-y-2 divide-gray-400"
      href="/20450"
    >
      <div
        class="flex flex-col justify-between lg:space-x-32 md:flex-row md:space-x-4"
      >
        <div
          class="flex-2"
        >
          <div
            class="flex flex-col"
          >
            <div
              class="text-md font-semibold text-black mb-0.5 break-all lg:text-md"
            >
              facebook/react - Bug: Trailing Comma in Arrays and Dict
            </div>
            <div
              class="text-gray-400 font-light flex flex-wrap text-sm whitespace-pre truncate md:overflow-clip"
            >
              #20450 less than a minute ago
            </div>
          </div>
        </div>
        <div
          class="flex flex-row py-2 lg:py-0.5"
        >
          <div
            class="text-gray-600 p-2 mx-2 h-9 flex items-center justify-center bg-gray-100 rounded-lg"
          >
            <svg
              fill="none"
              height="20"
              stroke="currentColor"
              viewBox="0 0 24 24"
              width="20"
              xmlns="http://www.w3.org/2000/svg"
            >
              <path
                d="M8 10h.01M12 10h.01M16 10h.01M9 16H5a2 2 0 01-2-2V6a2 2 0 012-2h14a2 2 0 012 2v8a2 2 0 01-2 2h-5l-5 5v-5z"
                stroke-linecap="round"
                stroke-linejoin="round"
                stroke-width="2"
              />
            </svg>
            <div>
              0
            </div>
          </div>
          <div
            class="bg-gray-100 text-gray-600 w-20 p-2 mx-2 h-9 flex items-center justify-center rounded-lg"
          >
            OPEN
          </div>
        </div>
      </div>
    </a>
  </div>
</DocumentFragment>
`;
